../Core/Src/main.c:202:6:HAL_UARTEx_RxEventCallback	16	static
../Core/Src/main.c:237:5:main	8	static
../Core/Src/main.c:347:6:SystemClock_Config	88	static
../Core/Src/main.c:393:13:MX_TIM1_Init	48	static
../Core/Src/main.c:460:13:MX_USART1_UART_Init	8	static
../Core/Src/main.c:493:13:MX_USART2_UART_Init	8	static
../Core/Src/main.c:526:13:MX_USART3_UART_Init	8	static
../Core/Src/main.c:559:13:MX_USART6_UART_Init	8	static
../Core/Src/main.c:590:13:MX_DMA_Init	16	static
../Core/Src/main.c:624:13:MX_GPIO_Init	56	static
../Core/Src/main.c:697:6:HAL_GPIO_EXTI_Callback	16	static
../Core/Src/main.c:705:6:warning_state	16	static
../Core/Src/main.c:729:6:safe_state	8	static
../Core/Src/main.c:738:6:breaking_state	8	static
../Core/Src/main.c:751:6:left_state	8	static
../Core/Src/main.c:767:6:right_state	8	static
../Core/Src/main.c:782:6:straight_state	8	static
../Core/Src/main.c:806:6:StartLidarREAD	16	static
../Core/Src/main.c:841:6:Start_TakeAction_Lidar	16	static
../Core/Src/main.c:887:6:Start_Ultrasonic_Read	16	static
../Core/Src/main.c:914:6:Start_GPS	24	static
../Core/Src/main.c:1006:6:StartTask06	208	static
../Core/Src/main.c:1117:6:Start_Rec_Transmit	16	static
../Core/Src/main.c:1174:6:HAL_TIM_PeriodElapsedCallback	16	static
../Core/Src/main.c:1191:6:Error_Handler	4	static,ignoring_inline_asm
