../Core/Src/main.c:190:6:HAL_UARTEx_RxEventCallback	16	static
../Core/Src/main.c:217:5:main	8	static
../Core/Src/main.c:326:6:SystemClock_Config	88	static
../Core/Src/main.c:372:13:MX_TIM1_Init	48	static
../Core/Src/main.c:439:13:MX_USART1_UART_Init	8	static
../Core/Src/main.c:472:13:MX_USART2_UART_Init	8	static
../Core/Src/main.c:505:13:MX_USART3_UART_Init	8	static
../Core/Src/main.c:536:13:MX_DMA_Init	16	static
../Core/Src/main.c:564:13:MX_GPIO_Init	56	static
../Core/Src/main.c:646:6:StartLidarREAD	16	static
../Core/Src/main.c:681:6:Start_TakeAction_Lidar	16	static
../Core/Src/main.c:727:6:Start_Ultrasonic_Read	16	static
../Core/Src/main.c:754:6:Start_GPS	24	static
../Core/Src/main.c:846:6:StartTask06	208	static
../Core/Src/main.c:956:6:Start_Rec_Transmit	16	static
../Core/Src/main.c:1004:6:warning_state	16	static
../Core/Src/main.c:1028:6:safe_state	8	static
../Core/Src/main.c:1037:6:breaking_state	8	static
../Core/Src/main.c:1050:6:left_state	8	static
../Core/Src/main.c:1066:6:right_state	8	static
../Core/Src/main.c:1081:6:straight_state	8	static
../Core/Src/main.c:1105:6:HAL_GPIO_EXTI_Callback	16	static
../Core/Src/main.c:1119:6:HAL_TIM_PeriodElapsedCallback	16	static
../Core/Src/main.c:1136:6:Error_Handler	4	static,ignoring_inline_asm
