../Core/Src/main.c:206:6:HAL_UARTEx_RxEventCallback	16	static
../Core/Src/main.c:237:5:main	8	static
../Core/Src/main.c:351:6:SystemClock_Config	88	static
../Core/Src/main.c:397:13:MX_TIM1_Init	48	static
../Core/Src/main.c:464:13:MX_USART1_UART_Init	8	static
../Core/Src/main.c:497:13:MX_USART2_UART_Init	8	static
../Core/Src/main.c:530:13:MX_USART3_UART_Init	8	static
../Core/Src/main.c:561:13:MX_DMA_Init	16	static
../Core/Src/main.c:589:13:MX_GPIO_Init	56	static
../Core/Src/main.c:662:6:HAL_GPIO_EXTI_Callback	16	static
../Core/Src/main.c:670:6:warning_state	8	static
../Core/Src/main.c:692:6:safe_state	8	static
../Core/Src/main.c:701:6:breaking_state	8	static
../Core/Src/main.c:714:6:left_state	8	static
../Core/Src/main.c:730:6:right_state	8	static
../Core/Src/main.c:745:6:straight_state	8	static
../Core/Src/main.c:769:6:StartLidarREAD	16	static
../Core/Src/main.c:804:6:Start_TakeAction_Lidar	16	static
../Core/Src/main.c:850:6:Start_Ultrasonic_Read	16	static
../Core/Src/main.c:877:6:Start_GPS	24	static
../Core/Src/main.c:969:6:StartTask06	208	static
../Core/Src/main.c:1080:6:Start_Rec_Transmit	40	static
../Core/Src/main.c:1143:6:StartTask07	16	static
../Core/Src/main.c:1216:6:HAL_TIM_PeriodElapsedCallback	16	static
../Core/Src/main.c:1233:6:Error_Handler	4	static,ignoring_inline_asm
