../Core/Src/main.c:198:6:HAL_UARTEx_RxEventCallback	16	static
../Core/Src/main.c:225:5:main	8	static
../Core/Src/main.c:334:6:SystemClock_Config	88	static
../Core/Src/main.c:380:13:MX_TIM1_Init	48	static
../Core/Src/main.c:447:13:MX_USART1_UART_Init	8	static
../Core/Src/main.c:480:13:MX_USART2_UART_Init	8	static
../Core/Src/main.c:513:13:MX_USART3_UART_Init	8	static
../Core/Src/main.c:544:13:MX_DMA_Init	16	static
../Core/Src/main.c:572:13:MX_GPIO_Init	56	static
../Core/Src/main.c:645:6:HAL_GPIO_EXTI_Callback	16	static
../Core/Src/main.c:653:6:warning_state	16	static
../Core/Src/main.c:677:6:safe_state	8	static
../Core/Src/main.c:686:6:breaking_state	8	static
../Core/Src/main.c:699:6:left_state	8	static
../Core/Src/main.c:715:6:right_state	8	static
../Core/Src/main.c:730:6:straight_state	8	static
../Core/Src/main.c:754:6:StartLidarREAD	16	static
../Core/Src/main.c:789:6:Start_TakeAction_Lidar	16	static
../Core/Src/main.c:835:6:Start_Ultrasonic_Read	16	static
../Core/Src/main.c:862:6:Start_GPS	24	static
../Core/Src/main.c:954:6:StartTask06	208	static
../Core/Src/main.c:1065:6:Start_Rec_Transmit	40	static
../Core/Src/main.c:1127:6:HAL_TIM_PeriodElapsedCallback	16	static
../Core/Src/main.c:1144:6:Error_Handler	4	static,ignoring_inline_asm
