../Core/Src/main.c:163:6:HAL_UARTEx_RxEventCallback	16	static
../Core/Src/main.c:190:5:main	8	static
../Core/Src/main.c:299:6:SystemClock_Config	88	static
../Core/Src/main.c:345:13:MX_TIM1_Init	48	static
../Core/Src/main.c:412:13:MX_USART1_UART_Init	8	static
../Core/Src/main.c:445:13:MX_USART2_UART_Init	8	static
../Core/Src/main.c:478:13:MX_USART3_UART_Init	8	static
../Core/Src/main.c:509:13:MX_DMA_Init	16	static
../Core/Src/main.c:537:13:MX_GPIO_Init	56	static
../Core/Src/main.c:619:6:StartLidarREAD	16	static
../Core/Src/main.c:654:6:Start_TakeAction_Lidar	16	static
../Core/Src/main.c:694:6:Start_Ultrasonic_Read	16	static
../Core/Src/main.c:721:6:Start_GPS	24	static
../Core/Src/main.c:813:6:StartTask06	200	static
../Core/Src/main.c:922:6:Start_Rec_Transmit	16	static
../Core/Src/main.c:1015:6:HAL_GPIO_EXTI_Callback	16	static
../Core/Src/main.c:1028:6:HAL_TIM_PeriodElapsedCallback	16	static
../Core/Src/main.c:1045:6:Error_Handler	4	static,ignoring_inline_asm
